// Jest Snapshot v1, https://goo.gl/fbAQLP

exports[`LaunchesComponent tests should render correctly 1`] = `
{
  "asFragment": [Function],
  "baseElement": <body>
    <div>
      <div>
        <h1>
          Launches
        </h1>
        <button
          style="min-width: 15rem;"
        >
          Show only with Ships
        </button>
        <h4>
          Showing: 
          4
           launches
        </h4>
        <table>
          <tr
            style="background-color: rgb(215, 255, 204);"
          >
            <td>
              <h3>
                Name: 
                Launch1
              </h3>
            </td>
            <td
              style="min-width: 10rem; padding: 1rem;"
            >
              success: 
              no
            </td>
            <td
              style="min-width: 10rem; padding: 1rem;"
            >
              details 1
            </td>
            <td
              style="min-width: 10rem; padding: 1rem;"
            >
              rocketId: 
              rocket1
            </td>
            <td
              style="min-width: 10rem; padding: 1rem;"
            >
              Ships: 
              <div
                style="display: flex; flex-direction: column;"
              >
                <ul
                  style="text-align: left;"
                >
                  <li>
                    Name: 
                    ship1
                  </li>
                  <li>
                     Model: 
                    Model1
                  </li>
                  <li>
                    Type: 
                    typee1
                  </li>
                  <li>
                     Year: 
                    2022
                  </li>
                </ul>
              </div>
            </td>
          </tr>
          <tr
            style="background-color: rgb(204, 238, 255);"
          >
            <td>
              <h3>
                Name: 
                Launch2
              </h3>
            </td>
            <td
              style="min-width: 10rem; padding: 1rem;"
            >
              success: 
              yes
            </td>
            <td
              style="min-width: 10rem; padding: 1rem;"
            >
              details 2
            </td>
            <td
              style="min-width: 10rem; padding: 1rem;"
            >
              rocketId: 
              rocket2
            </td>
            <td
              style="min-width: 10rem; padding: 1rem;"
            >
              Ships: 
              <div
                style="display: flex; flex-direction: column;"
              />
            </td>
          </tr>
          <tr
            style="background-color: rgb(215, 255, 204);"
          >
            <td>
              <h3>
                Name: 
                Launch3
              </h3>
            </td>
            <td
              style="min-width: 10rem; padding: 1rem;"
            >
              success: 
              yes
            </td>
            <td
              style="min-width: 10rem; padding: 1rem;"
            >
              details 3
            </td>
            <td
              style="min-width: 10rem; padding: 1rem;"
            >
              rocketId: 
              rocket3
            </td>
            <td
              style="min-width: 10rem; padding: 1rem;"
            >
              Ships: 
              <div
                style="display: flex; flex-direction: column;"
              />
            </td>
          </tr>
          <tr
            style="background-color: rgb(204, 238, 255);"
          >
            <td>
              <h3>
                Name: 
                Launch4
              </h3>
            </td>
            <td
              style="min-width: 10rem; padding: 1rem;"
            >
              success: 
              yes
            </td>
            <td
              style="min-width: 10rem; padding: 1rem;"
            >
              details 4
            </td>
            <td
              style="min-width: 10rem; padding: 1rem;"
            >
              rocketId: 
              rocket4
            </td>
            <td
              style="min-width: 10rem; padding: 1rem;"
            >
              Ships: 
              <div
                style="display: flex; flex-direction: column;"
              >
                <ul
                  style="text-align: left;"
                >
                  <li>
                    Name: 
                    ship2
                  </li>
                  <li>
                     Model: 
                    Model2
                  </li>
                  <li>
                    Type: 
                    typee2
                  </li>
                  <li>
                     Year: 
                    2022
                  </li>
                </ul>
              </div>
            </td>
          </tr>
        </table>
      </div>
    </div>
  </body>,
  "container": <div>
    <div>
      <h1>
        Launches
      </h1>
      <button
        style="min-width: 15rem;"
      >
        Show only with Ships
      </button>
      <h4>
        Showing: 
        4
         launches
      </h4>
      <table>
        <tr
          style="background-color: rgb(215, 255, 204);"
        >
          <td>
            <h3>
              Name: 
              Launch1
            </h3>
          </td>
          <td
            style="min-width: 10rem; padding: 1rem;"
          >
            success: 
            no
          </td>
          <td
            style="min-width: 10rem; padding: 1rem;"
          >
            details 1
          </td>
          <td
            style="min-width: 10rem; padding: 1rem;"
          >
            rocketId: 
            rocket1
          </td>
          <td
            style="min-width: 10rem; padding: 1rem;"
          >
            Ships: 
            <div
              style="display: flex; flex-direction: column;"
            >
              <ul
                style="text-align: left;"
              >
                <li>
                  Name: 
                  ship1
                </li>
                <li>
                   Model: 
                  Model1
                </li>
                <li>
                  Type: 
                  typee1
                </li>
                <li>
                   Year: 
                  2022
                </li>
              </ul>
            </div>
          </td>
        </tr>
        <tr
          style="background-color: rgb(204, 238, 255);"
        >
          <td>
            <h3>
              Name: 
              Launch2
            </h3>
          </td>
          <td
            style="min-width: 10rem; padding: 1rem;"
          >
            success: 
            yes
          </td>
          <td
            style="min-width: 10rem; padding: 1rem;"
          >
            details 2
          </td>
          <td
            style="min-width: 10rem; padding: 1rem;"
          >
            rocketId: 
            rocket2
          </td>
          <td
            style="min-width: 10rem; padding: 1rem;"
          >
            Ships: 
            <div
              style="display: flex; flex-direction: column;"
            />
          </td>
        </tr>
        <tr
          style="background-color: rgb(215, 255, 204);"
        >
          <td>
            <h3>
              Name: 
              Launch3
            </h3>
          </td>
          <td
            style="min-width: 10rem; padding: 1rem;"
          >
            success: 
            yes
          </td>
          <td
            style="min-width: 10rem; padding: 1rem;"
          >
            details 3
          </td>
          <td
            style="min-width: 10rem; padding: 1rem;"
          >
            rocketId: 
            rocket3
          </td>
          <td
            style="min-width: 10rem; padding: 1rem;"
          >
            Ships: 
            <div
              style="display: flex; flex-direction: column;"
            />
          </td>
        </tr>
        <tr
          style="background-color: rgb(204, 238, 255);"
        >
          <td>
            <h3>
              Name: 
              Launch4
            </h3>
          </td>
          <td
            style="min-width: 10rem; padding: 1rem;"
          >
            success: 
            yes
          </td>
          <td
            style="min-width: 10rem; padding: 1rem;"
          >
            details 4
          </td>
          <td
            style="min-width: 10rem; padding: 1rem;"
          >
            rocketId: 
            rocket4
          </td>
          <td
            style="min-width: 10rem; padding: 1rem;"
          >
            Ships: 
            <div
              style="display: flex; flex-direction: column;"
            >
              <ul
                style="text-align: left;"
              >
                <li>
                  Name: 
                  ship2
                </li>
                <li>
                   Model: 
                  Model2
                </li>
                <li>
                  Type: 
                  typee2
                </li>
                <li>
                   Year: 
                  2022
                </li>
              </ul>
            </div>
          </td>
        </tr>
      </table>
    </div>
  </div>,
  "debug": [Function],
  "findAllByAltText": [Function],
  "findAllByDisplayValue": [Function],
  "findAllByLabelText": [Function],
  "findAllByPlaceholderText": [Function],
  "findAllByRole": [Function],
  "findAllByTestId": [Function],
  "findAllByText": [Function],
  "findAllByTitle": [Function],
  "findByAltText": [Function],
  "findByDisplayValue": [Function],
  "findByLabelText": [Function],
  "findByPlaceholderText": [Function],
  "findByRole": [Function],
  "findByTestId": [Function],
  "findByText": [Function],
  "findByTitle": [Function],
  "getAllByAltText": [Function],
  "getAllByDisplayValue": [Function],
  "getAllByLabelText": [Function],
  "getAllByPlaceholderText": [Function],
  "getAllByRole": [Function],
  "getAllByTestId": [Function],
  "getAllByText": [Function],
  "getAllByTitle": [Function],
  "getByAltText": [Function],
  "getByDisplayValue": [Function],
  "getByLabelText": [Function],
  "getByPlaceholderText": [Function],
  "getByRole": [Function],
  "getByTestId": [Function],
  "getByText": [Function],
  "getByTitle": [Function],
  "queryAllByAltText": [Function],
  "queryAllByDisplayValue": [Function],
  "queryAllByLabelText": [Function],
  "queryAllByPlaceholderText": [Function],
  "queryAllByRole": [Function],
  "queryAllByTestId": [Function],
  "queryAllByText": [Function],
  "queryAllByTitle": [Function],
  "queryByAltText": [Function],
  "queryByDisplayValue": [Function],
  "queryByLabelText": [Function],
  "queryByPlaceholderText": [Function],
  "queryByRole": [Function],
  "queryByTestId": [Function],
  "queryByText": [Function],
  "queryByTitle": [Function],
  "rerender": [Function],
  "unmount": [Function],
}
`;
